13:21:31 **** Incremental Build of configuration Debug for project BW_SOFTWARE_DRIVER ****
make all 
make --no-print-directory pre-build
a9-linaro-pre-build-step
' '
make --no-print-directory main-build
'Building file: ../src/helloworld.c'
'Invoking: ARM v7 gcc compiler'
arm-none-eabi-gcc -Wall -O0 -g3 -c -fmessage-length=0 -MT"src/helloworld.o" -mcpu=cortex-a9 -mfpu=vfpv3 -mfloat-abi=hard -IC:/Users/malik/Documents/FPGA_PROJECTS/BW_SOFTWARE/BW_HARDWARE/export/BW_HARDWARE/sw/BW_HARDWARE/standalone_ps7_cortexa9_0/bspinclude/include -MMD -MP -MF"src/helloworld.d" -MT"src/helloworld.o" -o "src/helloworld.o" "../src/helloworld.c"
In file included from ../src/helloworld.c:2:
C:/Users/malik/Documents/FPGA_PROJECTS/BW_SOFTWARE/BW_HARDWARE/export/BW_HARDWARE/sw/BW_HARDWARE/standalone_ps7_cortexa9_0/bspinclude/include/xbasic_types.h:102:2: warning: #warning The xbasics_type.h file is deprecated and users should use xil_types.h and xil_assert. [-Wcpp]
  102 | #warning  The xbasics_type.h file is deprecated and users should use xil_types.h and xil_assert.
      |  ^~~~~~~
C:/Users/malik/Documents/FPGA_PROJECTS/BW_SOFTWARE/BW_HARDWARE/export/BW_HARDWARE/sw/BW_HARDWARE/standalone_ps7_cortexa9_0/bspinclude/include/xbasic_types.h:103:2: warning: #warning Please refer the Standalone BSP UG647 for further details [-Wcpp]
  103 | #warning  Please refer the Standalone BSP UG647 for further details
      |  ^~~~~~~
In file included from ../src/helloworld.c:3:
C:/Users/malik/Documents/FPGA_PROJECTS/BW_SOFTWARE/BW_HARDWARE/export/BW_HARDWARE/sw/BW_HARDWARE/standalone_ps7_cortexa9_0/bspinclude/include/xparameters.h:39:50: warning: initialization of 'Xint32 *' {aka 'long int *'} from 'int' makes pointer from integer without a cast [-Wint-conversion]
   39 | #define XPAR_BW_MULTIPLIER_IP_0_S00_AXI_BASEADDR 0x43C00000
      |                                                  ^~~~~~~~~~
../src/helloworld.c:10:21: note: in expansion of macro 'XPAR_BW_MULTIPLIER_IP_0_S00_AXI_BASEADDR'
   10 | Xint32 *baseaddr_p =XPAR_BW_MULTIPLIER_IP_0_S00_AXI_BASEADDR;
      |                     ^~~~~~~~~~~~~~~~~~~~~~~~~~~~~~~~~~~~~~~~
'Finished building: ../src/helloworld.c'
' '
'Building target: BW_SOFTWARE_DRIVER.elf'
'Invoking: ARM v7 gcc linker'
arm-none-eabi-gcc -mcpu=cortex-a9 -mfpu=vfpv3 -mfloat-abi=hard -Wl,-build-id=none -specs=Xilinx.spec -Wl,-T -Wl,../src/lscript.ld -LC:/Users/malik/Documents/FPGA_PROJECTS/BW_SOFTWARE/BW_HARDWARE/export/BW_HARDWARE/sw/BW_HARDWARE/standalone_ps7_cortexa9_0/bsplib/lib -o "BW_SOFTWARE_DRIVER.elf"  ./src/helloworld.o ./src/platform.o   -Wl,--start-group,-lxil,-lgcc,-lc,--end-group
'Finished building target: BW_SOFTWARE_DRIVER.elf'
' '
'Invoking: ARM v7 Print Size'
arm-none-eabi-size BW_SOFTWARE_DRIVER.elf  |tee "BW_SOFTWARE_DRIVER.elf.size"
   text	   data	    bss	    dec	    hex	filename
  22349	   1144	  22584	  46077	   b3fd	BW_SOFTWARE_DRIVER.elf
'Finished building: BW_SOFTWARE_DRIVER.elf.size'
' '

13:21:32 Build Finished (took 675ms)

